<html>
<body>
<pre>
<h1>µVision Build Log</h1>
<h2>Tool Versions:</h2>
IDE-Version: µVision V5.20.0.0
Copyright (C) 2016 ARM Ltd and ARM Germany GmbH. All rights reserved.
License Information: Silvia Cirstea, ARU, LIC=----
 
Tool Versions:
Toolchain:       MDK-Lite  Version: 5.20
Toolchain Path:  C:\Keil_v5\ARM\ARMCC\Bin
C Compiler:      Armcc.exe V5.06 update 2 (build 183)
Assembler:       Armasm.exe V5.06 update 2 (build 183)
Linker/Locator:  ArmLink.exe V5.06 update 2 (build 183)
Library Manager: ArmAr.exe V5.06 update 2 (build 183)
Hex Converter:   FromElf.exe V5.06 update 2 (build 183)
CPU DLL:         SARMCM3.DLL V5.20
Dialog DLL:      DARMCM1.DLL V1.14.0.0
Target DLL:      CMSIS_AGDI.dll V1.25.20.0
Dialog DLL:      TARMCM1.DLL V1.10.0.0
 
<h2>Project:</h2>
H:\My Documents\Embedded Systems\amazon locker\Amazon_locker_final_project.uvprojx
Project File Date:  04/30/2019

<h2>Output:</h2>
*** Using Compiler 'V5.06 update 2 (build 183)', folder: 'C:\Keil_v5\ARM\ARMCC\Bin'
Build target 'Target 1'
compiling Main.c...
delay.h(33): warning:  #1-D: last line of file ends without a newline
  #endif
segment_1_on.h(106): warning:  #1-D: last line of file ends without a newline
  #endif
Increment_decrement_switches.h(6): warning:  #1294-D: Old-style function Increment_display_locker
  int Increment_display_locker(Locker_display_number){					
Increment_decrement_switches.h(14): warning:  #1294-D: Old-style function Decrement_display_locker
  int Decrement_display_locker(Locker_display_number){					
Increment_decrement_switches.h(22): warning:  #1294-D: Old-style function Increment_display
  int Increment_display(Segment_display_number){					//Adds 1 for the first display
Increment_decrement_switches.h(30): warning:  #1294-D: Old-style function Decrement_display
  int Decrement_display(Segment_display_number){					//Minus 1 for the second display
Increment_decrement_switches.h(38): warning:  #1294-D: Old-style function Increment_display_2
  int Increment_display_2(Segment_display_2_number){				//Adds 1 for the first display
Increment_decrement_switches.h(46): warning:  #1294-D: Old-style function Decrement_display_2
  int Decrement_display_2(Segment_display_2_number){				//Minus 1 for the second display
Increment_decrement_switches.h(54): warning:  #1-D: last line of file ends without a newline
  #endif
Main.c(90): warning:  #177-D: variable "i" was declared but never referenced
  	int i;
Main.c(220): warning:  #1-D: last line of file ends without a newline
  }
Main.c: 11 warnings, 0 errors
linking...
Program Size: Code=3148 RO-data=240 RW-data=60 ZI-data=356  
".\Objects\Amazon_locker_final_project.axf" - 0 Error(s), 11 Warning(s).

<h2>Software Packages used:</h2>

Package Vendor: Keil
                http://www.keil.com/pack/Keil.Kinetis_KLxx_DFP.1.15.0.pack
                Keil::Device:Startup:2.5.0
                NXP Kinetis KLxx Series Device Support and Examples
   * Component: Startup Version: 2.5.0

Package Vendor: ARM
                http://www.keil.com/pack/ARM.CMSIS.4.5.0.pack
                ARM::CMSIS:CORE:4.3.0
                CMSIS (Cortex Microcontroller Software Interface Standard)
   * Component: CORE Version: 4.3.0

<h2>Collection of Component include folders:</h2>
  H:\My Documents\Embedded Systems\amazon locker\RTE
  H:\My Documents\Embedded Systems\amazon locker\RTE\Device\MKL25Z128xxx4
  C:\Keil_v5\ARM\PACK\ARM\CMSIS\4.5.0\CMSIS\Include
  C:\Keil_v5\ARM\PACK\Keil\Kinetis_KLxx_DFP\1.15.0\Device\Include

<h2>Collection of Component Files used:</h2>

   * Component: Keil::Device:Startup:2.5.0
      Source file:   Device\Source\ARM\startup_MKL25Z4.s
      Source file:   Device\Source\system_MKL25Z4.c
      Include file:  Device\Source\system_MKL25Z4.h

   * Component: ARM::CMSIS:CORE:4.3.0
Build Time Elapsed:  00:00:01
</pre>
</body>
</html>
